// Jest Snapshot v1, https://goo.gl/fbAQLP

exports[`TagList should contain labels with tags 1`] = `
[
  <a
    className="badge badge-info"
    href="/test-runs/sampleId/tag-details?tag=A"
    onClick={[Function]}
  >
    @
    A
  </a>,
  " ",
  <a
    className="badge badge-info"
    href="/test-runs/sampleId/tag-details?tag=B"
    onClick={[Function]}
  >
    @
    B
  </a>,
  " ",
  <a
    className="badge badge-info"
    href="/test-runs/sampleId/tag-details?tag=C"
    onClick={[Function]}
  >
    @
    C
  </a>,
]
`;
