// Jest Snapshot v1, https://jestjs.io/docs/snapshot-testing

exports[`TagList should contain labels with tags 1`] = `
<DocumentFragment>
  <a
    class="badge badge-info"
    href="/test-runs/sampleId/tag-details?tag=A"
  >
    @A
  </a>
   
  <a
    class="badge badge-info"
    href="/test-runs/sampleId/tag-details?tag=B"
  >
    @B
  </a>
   
  <a
    class="badge badge-info"
    href="/test-runs/sampleId/tag-details?tag=C"
  >
    @C
  </a>
</DocumentFragment>
`;
